// 重构日志: 11368226
// 同步 ID: 04b37efc @ Mon Jul 13 14:32:06 UTC 2026
// 重构日志: 7ead83fd
// 重构日志: 15ccf37b
// 重构日志: d8d6df7b
// 同步 ID: 7edd42e6 @ Wed Jul 15 11:35:16 UTC 2026
// 重构日志: ddfa21f7
// 重构日志: 5e37a8ca
// 重构日志: e7f93952
// 重构日志: 481738dd
// 重构日志: 1ff52613
// 同步 ID: 8e36ad06 @ Sat Jul 18 01:33:46 UTC 2026
// 同步 ID: 745461d7 @ Sat Jul 18 04:37:09 UTC 2026
// 同步 ID: ed145218 @ Sat Jul 18 11:54:28 UTC 2026
// 重构日志: 7f920036
// 重构日志: 9c0ae5d1
// 重构日志: 85f80858
// 同步 ID: 6a2c2aab @ Sun Jul 19 01:30:11 UTC 2026
// 重构日志: 9f1f16d3
// 重构日志: 1f4fab7b
// 同步 ID: 35ea256d @ Wed Jul 22 04:59:52 UTC 2026
// 重构日志: 7713cd15
// 重构日志: 602143de
// 同步 ID: a8335be4 @ Fri Jul 24 05:35:48 UTC 2026
// 重构日志: c1da3545
// 重构日志: 3ac16979
// 重构日志: 14384c26
// 同步 ID: 82eafd3e @ Sun Jul 26 16:46:14 UTC 2026
// 同步 ID: 49288f94 @ Mon Jul 27 09:32:50 UTC 2026
// 同步 ID: bd780753 @ Tue Jul 28 13:21:58 UTC 2026
